******************************************************************************
                  TI ARM Linker PC v16.9.4                     
******************************************************************************
>> Linked Sat May 25 07:37:26 2019

OUTPUT FILE NAME:   <CAN.out>
ENTRY POINT SYMBOL: "_c_int00"  address: 00000c51


MEMORY CONFIGURATION

         name            origin    length      used     unused   attr    fill
----------------------  --------  ---------  --------  --------  ----  --------
  FLASH                 00000000   00040000  0000113e  0003eec2  R  X
  SRAM                  20000000   00008000  00000252  00007dae  RW X


SEGMENT ALLOCATION MAP

run origin  load origin   length   init length attrs members
----------  ----------- ---------- ----------- ----- -------
00000000    00000000    00001140   00001140    r-x
  00000000    00000000    0000026c   0000026c    r-- .intvecs
  0000026c    0000026c    00000d06   00000d06    r-x .text
  00000f74    00000f74    0000018c   0000018c    r-- .const
  00001100    00001100    00000040   00000040    r-- .cinit
20000000    20000000    00000254   00000000    rw-
  20000000    20000000    00000200   00000000    rw- .stack
  20000200    20000200    0000002a   00000000    rw- .bss
  2000022c    2000022c    00000028   00000000    rw- .data


SECTION ALLOCATION MAP

 output                                  attributes/
section   page    origin      length       input sections
--------  ----  ----------  ----------   ----------------
.intvecs   0    00000000    0000026c     
                  00000000    0000026c     tm4c123gh6pm_startup_ccs.obj (.intvecs)

.text      0    0000026c    00000d06     
                  0000026c    0000029c     main.obj (.text)
                  00000508    00000136     driverlib.lib : can.obj (.text:CANMessageSet)
                  0000063e    00000132                   : gpio.obj (.text:GPIOPadConfigSet)
                  00000770    00000110                   : sysctl.obj (.text:SysCtlClockGet)
                  00000880    0000010e                   : can.obj (.text:CANMessageGet)
                  0000098e    0000009c     rtsv7M4_T_le_v4SPD16_eabi.lib : memcpy_t2.obj (.text)
                  00000a2a    0000007a                                   : memset_t2.obj (.text)
                  00000aa4    00000070                                   : autoinit.obj (.text)
                  00000b14    0000006c     driverlib.lib : can.obj (.text:CANBitRateSet)
                  00000b80    00000068                   : interrupt.obj (.text:IntEnable)
                  00000be8    00000068     rtsv7M4_T_le_v4SPD16_eabi.lib : copy_decompress_lzss.obj (.text:decompress:lzss)
                  00000c50    00000054                                   : boot.obj (.text)
                  00000ca4    00000054                                   : exit.obj (.text)
                  00000cf8    0000004c                                   : cpy_tbl.obj (.text)
                  00000d44    00000048     driverlib.lib : gpio.obj (.text:GPIOPinConfigure)
                  00000d8c    00000040                   : can.obj (.text:CANStatusGet)
                  00000dcc    0000003a                   : can.obj (.text:CANInit)
                  00000e06    00000002     rtsv7M4_T_le_v4SPD16_eabi.lib : mpu_init.obj (.text)
                  00000e08    00000034     driverlib.lib : sysctl.obj (.text:SysCtlPeripheralEnable)
                  00000e3c    0000002a                   : gpio.obj (.text:GPIODirModeSet)
                  00000e66    0000002a                   : can.obj (.text:_CANDataRegRead)
                  00000e90    00000024                   : can.obj (.text:_CANDataRegWrite)
                  00000eb4    00000022                   : can.obj (.text:CANIntClear)
                  00000ed6    00000020                   : can.obj (.text:CANIntStatus)
                  00000ef6    00000002     rtsv7M4_T_le_v4SPD16_eabi.lib : startup.obj (.text)
                  00000ef8    00000018                                   : args_main.obj (.text)
                  00000f10    00000014                                   : _lock.obj (.text)
                  00000f24    00000012     driverlib.lib : gpio.obj (.text:GPIOPinTypeCAN)
                  00000f36    0000000e     rtsv7M4_T_le_v4SPD16_eabi.lib : copy_decompress_none.obj (.text:decompress:none)
                  00000f44    0000000c                                   : copy_zero_init.obj (.text:decompress:ZI)
                  00000f50    0000000c     tm4c123gh6pm_startup_ccs.obj (.text)
                  00000f5c    0000000a     driverlib.lib : can.obj (.text:CANEnable)
                  00000f66    00000008                   : can.obj (.text:CANIntEnable)
                  00000f6e    00000004     rtsv7M4_T_le_v4SPD16_eabi.lib : pre_init.obj (.text)

.const     0    00000f74    0000018c     
                  00000f74    00000090     driverlib.lib : gpio.obj (.const:g_pui32GPIOBaseAddrs)
                  00001004    00000070                   : interrupt.obj (.const)
                  00001074    0000006c                   : sysctl.obj (.const:g_pui32Xtals)
                  000010e0    00000020                   : can.obj (.const)

.cinit     0    00001100    00000040     
                  00001100    00000018     (.cinit..data.load) [load image, compression = lzss]
                  00001118    0000000c     (__TI_handler_table)
                  00001124    00000004     --HOLE-- [fill = 0]
                  00001128    00000008     (.cinit..bss.load) [load image, compression = zero_init]
                  00001130    00000010     (__TI_cinit_table)

.init_array 
*          0    00000000    00000000     UNINITIALIZED

.stack     0    20000000    00000200     UNINITIALIZED
                  20000000    00000200     --HOLE--

.bss       0    20000200    0000002a     UNINITIALIZED
                  20000200    00000014     (.common:g_sCAN0RxMessage)
                  20000214    00000014     (.common:g_sCAN0TxMessage)
                  20000228    00000001     (.common:g_ui8RXMsgData)
                  20000229    00000001     (.common:g_ui8TXMsgData)

.data      0    2000022c    00000028     UNINITIALIZED
                  2000022c    00000010     main.obj (.data)
                  2000023c    0000000c     rtsv7M4_T_le_v4SPD16_eabi.lib : exit.obj (.data:$O1$$)
                  20000248    00000008                                   : _lock.obj (.data:$O1$$)
                  20000250    00000004                                   : stkdepth_vars.obj (.data)

MODULE SUMMARY

       Module                         code   ro data   rw data
       ------                         ----   -------   -------
    .\
       main.obj                       668    0         58     
       tm4c123gh6pm_startup_ccs.obj   12     620       0      
    +--+------------------------------+------+---------+---------+
       Total:                         680    620       58     
                                                              
    C:/ti/TivaWare_C_Series-2.1.4.178/driverlib/ccs/Debug/driverlib.lib
       can.obj                        972    32        0      
       gpio.obj                       438    144       0      
       sysctl.obj                     324    108       0      
       interrupt.obj                  104    112       0      
    +--+------------------------------+------+---------+---------+
       Total:                         1838   396       0      
                                                              
    C:\ti\ccsv7\tools\compiler\ti-cgt-arm_16.9.4.LTS\lib\rtsv7M4_T_le_v4SPD16_eabi.lib
       memcpy_t2.obj                  156    0         0      
       memset_t2.obj                  122    0         0      
       autoinit.obj                   112    0         0      
       copy_decompress_lzss.obj       104    0         0      
       exit.obj                       84     0         12     
       boot.obj                       84     0         0      
       cpy_tbl.obj                    76     0         0      
       _lock.obj                      20     0         8      
       args_main.obj                  24     0         0      
       copy_decompress_none.obj       14     0         0      
       copy_zero_init.obj             12     0         0      
       pre_init.obj                   4      0         0      
       stkdepth_vars.obj              0      0         4      
       mpu_init.obj                   2      0         0      
       startup.obj                    2      0         0      
    +--+------------------------------+------+---------+---------+
       Total:                         816    0         24     
                                                              
       Stack:                         0      0         512    
       Linker Generated:              0      60        0      
    +--+------------------------------+------+---------+---------+
       Grand Total:                   3334   1076      594    


LINKER GENERATED COPY TABLES

__TI_cinit_table @ 00001130 records: 2, size/record: 8, table size: 16
	.data: load addr=00001100, load size=00000018 bytes, run addr=2000022c, run size=00000028 bytes, compression=lzss
	.bss: load addr=00001128, load size=00000008 bytes, run addr=20000200, run size=0000002a bytes, compression=zero_init


LINKER GENERATED HANDLER TABLE

__TI_handler_table @ 00001118 records: 3, size/record: 4, table size: 12
	index: 0, handler: __TI_decompress_lzss
	index: 1, handler: __TI_decompress_none
	index: 2, handler: __TI_zero_init


GLOBAL SYMBOLS: SORTED ALPHABETICALLY BY Name 

address   name                           
-------   ----                           
00000ca5  C$$EXIT                        
0000026d  CAN0IntHandler                 
00000b15  CANBitRateSet                  
00000f5d  CANEnable                      
0000036f  CANErrorHandler                
00000dcd  CANInit                        
00000eb5  CANIntClear                    
00000f67  CANIntEnable                   
00000ed7  CANIntStatus                   
00000881  CANMessageGet                  
00000509  CANMessageSet                  
00000d8d  CANStatusGet                   
00000e3d  GPIODirModeSet                 
0000063f  GPIOPadConfigSet               
00000d45  GPIOPinConfigure               
00000f25  GPIOPinTypeCAN                 
000002db  InitCAN0                       
00000b81  IntEnable                      
00000f51  ResetISR                       
UNDEFED   SHT$$INIT_ARRAY$$Base          
UNDEFED   SHT$$INIT_ARRAY$$Limit         
00000771  SysCtlClockGet                 
00000e09  SysCtlPeripheralEnable         
20000200  __STACK_END                    
00000200  __STACK_SIZE                   
20000200  __STACK_TOP                    
00001130  __TI_CINIT_Base                
00001140  __TI_CINIT_Limit               
00001118  __TI_Handler_Table_Base        
00001124  __TI_Handler_Table_Limit       
00000aa5  __TI_auto_init                 
2000023c  __TI_cleanup_ptr               
00000be9  __TI_decompress_lzss           
00000f37  __TI_decompress_none           
20000240  __TI_dtors_ptr                 
20000244  __TI_enable_exit_profile_output
ffffffff  __TI_pprof_out_hndl            
ffffffff  __TI_prof_data_size            
ffffffff  __TI_prof_data_start           
00000000  __TI_static_base__             
00000f45  __TI_zero_init                 
00000a2b  __aeabi_memclr                 
00000a2b  __aeabi_memclr4                
00000a2b  __aeabi_memclr8                
0000098f  __aeabi_memcpy                 
0000098f  __aeabi_memcpy4                
0000098f  __aeabi_memcpy8                
00000a2d  __aeabi_memset                 
00000a2d  __aeabi_memset4                
00000a2d  __aeabi_memset8                
ffffffff  __binit__                      
ffffffff  __c_args__                     
00000e07  __mpu_init                     
20000000  __stack                        
00000ef9  _args_main                     
00000c51  _c_int00                       
20000248  _lock                          
00000f1f  _nop                           
00000f17  _register_lock                 
00000f11  _register_unlock               
00000ef7  _system_post_cinit             
00000f6f  _system_pre_init               
2000024c  _unlock                        
00000ca9  abort                          
ffffffff  binit                          
00000cf9  copy_in                        
00000cb1  exit                           
20000234  g_bRXFlag                      
00000000  g_pfnVectors                   
20000200  g_sCAN0RxMessage               
20000214  g_sCAN0TxMessage               
20000238  g_ui32ErrFlag                  
2000022c  g_ui32RXMsgCount               
20000230  g_ui32TXMsgCount               
20000228  g_ui8RXMsgData                 
20000229  g_ui8TXMsgData                 
0000046d  main                           
20000250  main_func_sp                   
0000098f  memcpy                         
00000a33  memset                         


GLOBAL SYMBOLS: SORTED BY Symbol Address 

address   name                           
-------   ----                           
00000000  __TI_static_base__             
00000000  g_pfnVectors                   
00000200  __STACK_SIZE                   
0000026d  CAN0IntHandler                 
000002db  InitCAN0                       
0000036f  CANErrorHandler                
0000046d  main                           
00000509  CANMessageSet                  
0000063f  GPIOPadConfigSet               
00000771  SysCtlClockGet                 
00000881  CANMessageGet                  
0000098f  __aeabi_memcpy                 
0000098f  __aeabi_memcpy4                
0000098f  __aeabi_memcpy8                
0000098f  memcpy                         
00000a2b  __aeabi_memclr                 
00000a2b  __aeabi_memclr4                
00000a2b  __aeabi_memclr8                
00000a2d  __aeabi_memset                 
00000a2d  __aeabi_memset4                
00000a2d  __aeabi_memset8                
00000a33  memset                         
00000aa5  __TI_auto_init                 
00000b15  CANBitRateSet                  
00000b81  IntEnable                      
00000be9  __TI_decompress_lzss           
00000c51  _c_int00                       
00000ca5  C$$EXIT                        
00000ca9  abort                          
00000cb1  exit                           
00000cf9  copy_in                        
00000d45  GPIOPinConfigure               
00000d8d  CANStatusGet                   
00000dcd  CANInit                        
00000e07  __mpu_init                     
00000e09  SysCtlPeripheralEnable         
00000e3d  GPIODirModeSet                 
00000eb5  CANIntClear                    
00000ed7  CANIntStatus                   
00000ef7  _system_post_cinit             
00000ef9  _args_main                     
00000f11  _register_unlock               
00000f17  _register_lock                 
00000f1f  _nop                           
00000f25  GPIOPinTypeCAN                 
00000f37  __TI_decompress_none           
00000f45  __TI_zero_init                 
00000f51  ResetISR                       
00000f5d  CANEnable                      
00000f67  CANIntEnable                   
00000f6f  _system_pre_init               
00001118  __TI_Handler_Table_Base        
00001124  __TI_Handler_Table_Limit       
00001130  __TI_CINIT_Base                
00001140  __TI_CINIT_Limit               
20000000  __stack                        
20000200  __STACK_END                    
20000200  __STACK_TOP                    
20000200  g_sCAN0RxMessage               
20000214  g_sCAN0TxMessage               
20000228  g_ui8RXMsgData                 
20000229  g_ui8TXMsgData                 
2000022c  g_ui32RXMsgCount               
20000230  g_ui32TXMsgCount               
20000234  g_bRXFlag                      
20000238  g_ui32ErrFlag                  
2000023c  __TI_cleanup_ptr               
20000240  __TI_dtors_ptr                 
20000244  __TI_enable_exit_profile_output
20000248  _lock                          
2000024c  _unlock                        
20000250  main_func_sp                   
ffffffff  __TI_pprof_out_hndl            
ffffffff  __TI_prof_data_size            
ffffffff  __TI_prof_data_start           
ffffffff  __binit__                      
ffffffff  __c_args__                     
ffffffff  binit                          
UNDEFED   SHT$$INIT_ARRAY$$Base          
UNDEFED   SHT$$INIT_ARRAY$$Limit         

[80 symbols]
